
> domacin-final@0.1.0 build
> prisma generate && next build

npm : Environment variables loaded from .env
At line:1 char:1
+ npm run build 2>&1 > build-output.txt; Get-Content build-output.txt | ...
+ ~~~~~~~~~~~~~~~~~~~~~~~~~~~~~~~~~~~~~
    + CategoryInfo          : NotSpecified: (Environment variables loaded from .env:String) [], RemoteException
    + FullyQualifiedErrorId : NativeCommandError
 
Prisma schema loaded from prisma\schema.prisma

Ô£ö Generated Prisma Client (v6.19.0) to .\node_modules\@prisma\client in 320ms

Start by importing your Prisma Client (See: https://pris.ly/d/importing-client)

Tip: Interested in query caching in just a few lines of code? Try Accelerate today! https://pris.ly/tip-3-accelerate

[baseline-browser-mapping] The data in this module is over two months old.  To ensure accurate Baseline data, please update: `npm i baseline-browser-mapping@l
atest -D`
 ÔÜá `eslint` configuration in next.config.ts is no longer supported. See more info here: https://nextjs.org/docs/app/api-reference/cli/next#next-lint-options
 ÔÜá Invalid next.config.ts options detected: 
 ÔÜá     Unrecognized key(s) in object: 'eslint'
 ÔÜá See more info here: https://nextjs.org/docs/messages/invalid-next-config
   Ôû▓ Next.js 16.0.4 (Turbopack)
   - Environments: .env.local, .env

   Creating an optimized production build ...
[baseline-browser-mapping] The data in this module is over two months old.  To ensure accurate Baseline data, please update: `npm i baseline-browser-mapping@l
atest -D`
 Ô£ô Compiled successfully in 19.8s
   Skipping validation of types
   Collecting page data using 11 workers ...
[baseline-browser-mapping] The data in this module is over two months old.  To ensure accurate Baseline data, please update: `npm i baseline-browser-mapping@l
atest -D`
[baseline-browser-mapping] The data in this module is over two months old.  To ensure accurate Baseline data, please update: `npm i baseline-browser-mapping@l
atest -D`
[baseline-browser-mapping] The data in this module is over two months old.  To ensure accurate Baseline data, please update: `npm i baseline-browser-mapping@l
atest -D`
[baseline-browser-mapping] The data in this module is over two months old.  To ensure accurate Baseline data, please update: `npm i baseline-browser-mapping@l
atest -D`
[baseline-browser-mapping] The data in this module is over two months old.  To ensure accurate Baseline data, please update: `npm i baseline-browser-mapping@l
atest -D`
[baseline-browser-mapping] The data in this module is over two months old.  To ensure accurate Baseline data, please update: `npm i baseline-browser-mapping@l
atest -D`
[baseline-browser-mapping] The data in this module is over two months old.  To ensure accurate Baseline data, please update: `npm i baseline-browser-mapping@l
atest -D`
[baseline-browser-mapping] The data in this module is over two months old.  To ensure accurate Baseline data, please update: `npm i baseline-browser-mapping@l
atest -D`
[baseline-browser-mapping] The data in this module is over two months old.  To ensure accurate Baseline data, please update: `npm i baseline-browser-mapping@l
atest -D`
[baseline-browser-mapping] The data in this module is over two months old.  To ensure accurate Baseline data, please update: `npm i baseline-browser-mapping@l
atest -D`
[baseline-browser-mapping] The data in this module is over two months old.  To ensure accurate Baseline data, please update: `npm i baseline-browser-mapping@l
atest -D`
   Generating static pages using 11 workers (0/78) ...
[baseline-browser-mapping] The data in this module is over two months old.  To ensure accurate Baseline data, please update: `npm i baseline-browser-mapping@l
atest -D`
[baseline-browser-mapping] The data in this module is over two months old.  To ensure accurate Baseline data, please update: `npm i baseline-browser-mapping@l
atest -D`
[baseline-browser-mapping] The data in this module is over two months old.  To ensure accurate Baseline data, please update: `npm i baseline-browser-mapping@l
atest -D`
[baseline-browser-mapping] The data in this module is over two months old.  To ensure accurate Baseline data, please update: `npm i baseline-browser-mapping@l
atest -D`
   Generating static pages using 11 workers (19/78) 
   Generating static pages using 11 workers (38/78) 
   Generating static pages using 11 workers (58/78) 
 Ô£ô Generating static pages using 11 workers (78/78) in 2.5s
   Finalizing page optimization ...

Route (app)
Ôöî Ôùï /
Ôö£ Ôùï /_not-found
Ôö£ Ôùï /admin
Ôö£ ãÆ /api/admin/stats
Ôö£ ãÆ /api/admin/users
Ôö£ ãÆ /api/admin/users/[id]
Ôö£ ãÆ /api/admin/users/[id]/block
Ôö£ ãÆ /api/admin/users/[id]/unblock
Ôö£ ãÆ /api/auth/forgot-password
Ôö£ ãÆ /api/auth/register
Ôö£ ãÆ /api/auth/resend-verification
Ôö£ ãÆ /api/auth/reset-password
Ôö£ ãÆ /api/auth/verify-email
Ôö£ ãÆ /api/budgets
Ôö£ ãÆ /api/budgets/[id]
Ôö£ ãÆ /api/budgets/[id]/breakdown
Ôö£ ãÆ /api/categories
Ôö£ ãÆ /api/categories/[id]
Ôö£ ãÆ /api/categories/[id]/check
Ôö£ ãÆ /api/categories/restore
Ôö£ ãÆ /api/cron/check-budgets
Ôö£ ãÆ /api/cron/process-recurring
Ôö£ ãÆ /api/cron/recurring
Ôö£ ãÆ /api/currency/rates
Ôö£ ãÆ /api/expenses
Ôö£ ãÆ /api/expenses/[id]
Ôö£ ãÆ /api/expenses/bulk-delete
Ôö£ ãÆ /api/expenses/export
Ôö£ ãÆ /api/export/backup
Ôö£ ãÆ /api/export/csv
Ôö£ ãÆ /api/export/pdf-data
Ôö£ ãÆ /api/financial-insights
Ôö£ ãÆ /api/group/active
Ôö£ ãÆ /api/group/budgets
Ôö£ ãÆ /api/group/budgets/[id]
Ôö£ ãÆ /api/group/create
Ôö£ ãÆ /api/group/delete-member
Ôö£ ãÆ /api/group/invite
Ôö£ ãÆ /api/group/join
Ôö£ ãÆ /api/group/leave
Ôö£ ãÆ /api/group/member-stats
Ôö£ ãÆ /api/group/remove-member
Ôö£ ãÆ /api/group/stats
Ôö£ ãÆ /api/groups
Ôö£ ãÆ /api/groups/[id]
Ôö£ ãÆ /api/groups/[id]/settlements
Ôö£ ãÆ /api/groups/[id]/settlements/[settlementId]
Ôö£ ãÆ /api/groups/user
Ôö£ ãÆ /api/income-categories
Ôö£ ãÆ /api/income-categories/[id]
Ôö£ ãÆ /api/income-categories/[id]/check
Ôö£ ãÆ /api/incomes
Ôö£ ãÆ /api/incomes/[id]
Ôö£ ãÆ /api/incomes/bulk-delete
Ôö£ ãÆ /api/login
Ôö£ ãÆ /api/logout
Ôö£ ãÆ /api/notifications
Ôö£ ãÆ /api/notifications/[id]
Ôö£ ãÆ /api/notifications/delete-all
Ôö£ ãÆ /api/ocr
Ôö£ ãÆ /api/profile
Ôö£ ãÆ /api/profile/settings
Ôö£ ãÆ /api/profile/style
Ôö£ ãÆ /api/recurring
Ôö£ ãÆ /api/recurring/[id]
Ôö£ ãÆ /api/register
Ôö£ ãÆ /api/seed
Ôö£ ãÆ /api/user
Ôö£ ãÆ /api/user/change-email
Ôö£ ãÆ /api/user/change-password
Ôö£ ãÆ /api/user/profile
Ôö£ ãÆ /api/user/settings
Ôö£ ãÆ /api/user/style
Ôö£ ãÆ /api/vendor-category
Ôö£ Ôùï /budgets
Ôö£ Ôùï /categories
Ôö£ ãÆ /dashboard
Ôö£ Ôùï /expenses
Ôö£ Ôùï /forgot-password
Ôö£ Ôùï /group/join
Ôö£ Ôùï /groups
Ôö£ ãÆ /groups/[groupId]
Ôö£ Ôùï /incomes
Ôö£ Ôùï /login
Ôö£ ãÆ /profile
Ôö£ Ôùï /recurring
Ôö£ Ôùï /register
Ôö£ Ôùï /reset-password
Ôö£ Ôùï /settlements
Ôö£ Ôùï /settlements-demo
Ôö£ ãÆ /statistics
Ôö£ Ôùï /test-ocr
Ôö£ Ôùï /test-vendor-learning
Ôöö Ôùï /verify-email


Ôùï  (Static)   prerendered as static content
ãÆ  (Dynamic)  server-rendered on demand

